Flow report for cave
Mon Jun  2 16:06:21 2025
Quartus Prime Version 17.0.0 Build 595 04/25/2017 SJ Lite Edition


---------------------
; Table of Contents ;
---------------------
  1. Legal Notice
  2. Flow Summary
  3. Flow Settings
  4. Flow Non-Default Global Settings
  5. Flow Elapsed Time
  6. Flow OS Summary
  7. Flow Log
  8. Flow Messages
  9. Flow Suppressed Messages



----------------
; Legal Notice ;
----------------
Copyright (C) 2017  Intel Corporation. All rights reserved.
Your use of Intel Corporation's design tools, logic functions 
and other software and tools, and its AMPP partner logic 
functions, and any output files from any of the foregoing 
(including device programming or simulation files), and any 
associated documentation or information are expressly subject 
to the terms and conditions of the Intel Program License 
Subscription Agreement, the Intel Quartus Prime License Agreement,
the Intel MegaCore Function License Agreement, or other 
applicable license agreement, including, without limitation, 
that your use is for the sole purpose of programming logic 
devices manufactured by Intel and sold by Intel or its 
authorized distributors.  Please refer to the applicable 
agreement for further details.



+---------------------------------------------------------------------------+
; Flow Summary                                                              ;
+-----------------------------+---------------------------------------------+
; Flow Status                 ; Flow Failed - Mon Jun  2 16:06:21 2025      ;
; Quartus Prime Version       ; 17.0.0 Build 595 04/25/2017 SJ Lite Edition ;
; Revision Name               ; cave                                        ;
; Top-level Entity Name       ; cave                                        ;
; Family                      ; Cyclone V                                   ;
; Device                      ; 5CGXFC7C7F23C8                              ;
; Timing Models               ; Final                                       ;
; Logic utilization (in ALMs) ; N/A until Partition Merge                   ;
; Total registers             ; N/A until Partition Merge                   ;
; Total pins                  ; N/A until Partition Merge                   ;
; Total virtual pins          ; N/A until Partition Merge                   ;
; Total block memory bits     ; N/A until Partition Merge                   ;
; Total PLLs                  ; N/A until Partition Merge                   ;
; Total DLLs                  ; N/A until Partition Merge                   ;
+-----------------------------+---------------------------------------------+


+-----------------------------------------+
; Flow Settings                           ;
+-------------------+---------------------+
; Option            ; Setting             ;
+-------------------+---------------------+
; Start date & time ; 06/02/2025 16:06:16 ;
; Main task         ; Compilation         ;
; Revision Name     ; cave                ;
+-------------------+---------------------+


+---------------------------------------------------------------------------------------------------+
; Flow Non-Default Global Settings                                                                  ;
+-----------------------+--------------------------------+---------------+-------------+------------+
; Assignment Name       ; Value                          ; Default Value ; Entity Name ; Section Id ;
+-----------------------+--------------------------------+---------------+-------------+------------+
; COMPILER_SIGNATURE_ID ; 55223571800649.174889477627506 ; --            ; --          ; --         ;
+-----------------------+--------------------------------+---------------+-------------+------------+


+--------------------------------------------------------------------------------------------------------------------------+
; Flow Elapsed Time                                                                                                        ;
+----------------------+--------------+-------------------------+---------------------+------------------------------------+
; Module Name          ; Elapsed Time ; Average Processors Used ; Peak Virtual Memory ; Total CPU Time (on all processors) ;
+----------------------+--------------+-------------------------+---------------------+------------------------------------+
; Analysis & Synthesis ; 00:00:05     ; 1.0                     ; 916 MB              ; 00:00:15                           ;
; Total                ; 00:00:05     ; --                      ; --                  ; 00:00:15                           ;
+----------------------+--------------+-------------------------+---------------------+------------------------------------+


+----------------------------------------------------------------------------------------------------+
; Flow OS Summary                                                                                    ;
+----------------------+------------------+--------------------+--------------------+----------------+
; Module Name          ; Machine Hostname ; OS Name            ; OS Version         ; Processor type ;
+----------------------+------------------+--------------------+--------------------+----------------+
; Analysis & Synthesis ; blkheart         ; \S{PRETTY_NAME} \r ; \S{PRETTY_NAME} \r ; x86_64         ;
+----------------------+------------------+--------------------+--------------------+----------------+


------------
; Flow Log ;
------------
quartus_map --read_settings_files=on --write_settings_files=off cave -c cave



